// Jest Snapshot v1, https://goo.gl/fbAQLP

exports[`test tasks test lintMd 1`] = `
": 1: MD036/no-emphasis-as-heading/no-emphasis-as-header Emphasis used instead of a heading [Context: \\"123\\"]
: 1: MD041/first-line-heading/first-line-h1 First line in file should be a top level heading [Context: \\"*123*\\"]"
`;

exports[`test tasks test lintScss 1`] = `"Failed with 5 errors"`;

exports[`test tasks test lintTs 1`] = `"Failed to lint [1, 18]: file should end with a newline."`;
